// Jest Snapshot v1, https://goo.gl/fbAQLP

exports[`renders correctly 1`] = `
<div
  className="flex justify-start items-center"
>
  <input
    className="border border-gray-400 rounded-l-md h-10 pl-2 focus:outline-none "
    onChange={[Function]}
    placeholder="Enter your e-mail"
    type="email"
    value=""
  />
  <button
    className="h-10  bg-cyan-400 pl-1 pr-2 rounded-r-md border-y border-r border-gray-400 hover:bg-cyan-300 text-xl"
    onClick={[Function]}
    type="button"
  >
    <svg
      fill="currentColor"
      height="1em"
      stroke="currentColor"
      strokeWidth="0"
      style={
        Object {
          "color": undefined,
        }
      }
      viewBox="0 0 448 512"
      width="1em"
      xmlns="http://www.w3.org/2000/svg"
    >
      <path
        d="M446.7 98.6l-67.6 318.8c-5.1 22.5-18.4 28.1-37.3 17.5l-103-75.9-49.7 47.8c-5.5 5.5-10.1 10.1-20.7 10.1l7.4-104.9 190.9-172.5c8.3-7.4-1.8-11.5-12.9-4.1L117.8 284 16.2 252.2c-22.1-6.9-22.5-22.1 4.6-32.7L418.2 66.4c18.4-6.9 34.5 4.1 28.5 32.2z"
      />
    </svg>
  </button>
</div>
`;
