// Jest Snapshot v1, https://goo.gl/fbAQLP

exports[`Renders correctly for ContactThanks Component 1`] = `
<div>
  <div
    className="p-10 h-72 md:h-64"
  >
    <div
      className="h-full w-full flex flex-col justify-between"
    >
      <h2
        className="text-4xl font-medium"
      >
        THANK YOU!
      </h2>
      <p
        className="text-gray-400 text-lg font-medium"
      >
        Your request has been sent, a member of the support team will get in contact with you through the email you provided as soon as possible.
      </p>
      <div
        className="w-4/6 md:w-3/6 xl:w-2/6"
      >
        <input
          className="py-2 px-5 w-10/12 md:w-8/12 lg:w-5/12 hover:bg-cyan-200 bg-cyan-400 font-medium rounded text-sm md:text-lg"
          onClick={[Function]}
          type="button"
          value="BACK TO HOME"
        />
      </div>
    </div>
  </div>
</div>
`;
